PS C:\Users\sugan\git_tutorial\git_challenge> git add hello_world.txt
fatal: pathspec 'hello_world.txt' did not match any files
PS C:\Users\sugan\git_tutorial\git_challenge> echo "こんにちは、世界！" >> hello_world.txt
PS C:\Users\sugan\git_tutorial\git_challenge> git commit -m "こんにち
は、世界！を追加"
On branch main

Initial commit

Untracked files:
  (use "git add <file>..." to include in what will be committed)
        hello_world.txt

nothing added to commit but untracked files present (use "git add" to track)
PS C:\Users\sugan\git_tutorial\git_challenge> git log
fatal: your current branch 'main' does not have any commits yet
PS C:\Users\sugan\git_tutorial\git_challenge> git log --oneline
fatal: your current branch 'main' does not have any commits yet
PS C:\Users\sugan\git_tutorial\git_challenge> git commit -m "最初のコ
ミット"
On branch main

Initial commit

Untracked files:
  (use "git add <file>..." to include in what will be committed)      
        hello_world.txt

nothing added to commit but untracked files present (use "git add" to track)
PS C:\Users\sugan\git_tutorial\git_challenge> git add hello_world.txt
PS C:\Users\sugan\git_tutorial\git_challenge> echo "Hello! World!" hello_world.txt
Hello! World!
hello_world.txt
PS C:\Users\sugan\git_tutorial\git_challenge> git add hello_world.txt
PS C:\Users\sugan\git_tutorial\git_challenge> git commit -m "２回目の
コミット"
[main (root-commit) dea2793] ２回目のコミット
 1 file changed, 0 insertions(+), 0 deletions(-)
 create mode 100644 hello_world.txt
PS C:\Users\sugan\git_tutorial\git_challenge>
PS C:\Users\sugan\git_tutorial\git_challenge> git log
commit dea2793f76682932a2b9bb33f89057b579357b2d (HEAD -> main)
Author: sugano <suganoyu1216@gmail.com>
Date:   Thu Feb 8 23:26:25 2024 +0900

    ２回目のコミット
PS C:\Users\sugan\git_tutorial\git_challenge> 
