PS C:\Users\sugan> cd git_tutorial\git_challenge
PS C:\Users\sugan\git_tutorial\git_challenge> git init
Initialized empty Git repository in C:/Users/sugan/git_tutorial/git_challenge/.git/
PS C:\Users\sugan\git_tutorial\git_challenge> echo "Hello,world!" >> hello_world.txt
PS C:\Users\sugan\git_tutorial\git_challenge> git add hello_world.txt
PS C:\Users\sugan\git_tutorial\git_challenge> git commit -m "ファイル"
の追加"
[main (root-commit) 4989369] ファイルの追加
 1 file changed, 0 insertions(+), 0 deletions(-)
 create mode 100644 hello_world.txt
PS C:\Users\sugan\git_tutorial\git_challenge> echo "こんにちは、世界！" >> hello_world.txt
PS C:\Users\sugan\git_tutorial\git_challenge> git add hello_world.txt
PS C:\Users\sugan\git_tutorial\git_challenge> git commit -m "こんにち"
は、世界！を追記"
[main 84a249d] こんにちは、世界！を追記
 1 file changed, 0 insertions(+), 0 deletions(-)
PS C:\Users\sugan\git_tutorial\git_challenge> git log --oneline 
84a249d (HEAD -> main) こんにちは、世界！を追記
4989369 ファイルの追加
PS C:\Users\sugan\git_tutorial\git_challenge> 
